// Jest Snapshot v1, https://goo.gl/fbAQLP

exports[`LoginScreen renders correctly 1`] = `
<View
  style={
    {
      "alignItems": "center",
      "backgroundColor": "#f2f2f2",
      "flex": 1,
      "justifyContent": "center",
      "padding": 20,
    }
  }
>
  <Text
    style={
      {
        "fontSize": 32,
        "fontWeight": "bold",
        "marginBottom": 20,
      }
    }
  >
    Login
  </Text>
  <View
    style={
      {
        "alignItems": "center",
        "backgroundColor": "#FFFFFF",
        "borderRadius": 10,
        "flexDirection": "row",
        "gap": 10,
        "marginBottom": 10,
        "paddingHorizontal": 10,
        "paddingVertical": 15,
        "width": "100%",
      }
    }
  >
    <Image
      source={
        {
          "testUri": "../../../src/assets/ic_mail_icon.png",
        }
      }
      style={
        {
          "height": 20,
          "width": 20,
        }
      }
    />
    <TextInput
      autoCapitalize="none"
      onChangeText={[Function]}
      placeholder="Email"
      style={
        {
          "width": "90%",
        }
      }
      value=""
    />
  </View>
  <View
    style={
      {
        "alignItems": "center",
        "backgroundColor": "#FFFFFF",
        "borderRadius": 10,
        "flexDirection": "row",
        "gap": 10,
        "marginBottom": 10,
        "paddingHorizontal": 10,
        "paddingVertical": 15,
        "width": "100%",
      }
    }
  >
    <Image
      source={
        {
          "testUri": "../../../src/assets/ic_lock_icon.png",
        }
      }
      style={
        {
          "height": 20,
          "width": 20,
        }
      }
    />
    <TextInput
      autoCapitalize="none"
      onChangeText={[Function]}
      placeholder="Password"
      secureTextEntry={true}
      style={
        {
          "width": "80%",
        }
      }
      value=""
    />
  </View>
  <View
    accessibilityState={
      {
        "busy": undefined,
        "checked": undefined,
        "disabled": undefined,
        "expanded": undefined,
        "selected": undefined,
      }
    }
    accessibilityValue={
      {
        "max": undefined,
        "min": undefined,
        "now": undefined,
        "text": undefined,
      }
    }
    accessible={true}
    collapsable={false}
    focusable={true}
    onClick={[Function]}
    onResponderGrant={[Function]}
    onResponderMove={[Function]}
    onResponderRelease={[Function]}
    onResponderTerminate={[Function]}
    onResponderTerminationRequest={[Function]}
    onStartShouldSetResponder={[Function]}
    style={
      {
        "alignItems": "center",
        "backgroundColor": "#4caaed",
        "borderRadius": 10,
        "marginTop": 20,
        "opacity": 1,
        "padding": 15,
        "width": "100%",
      }
    }
    testID="loginButton"
  >
    <Text
      style={
        {
          "color": "#fff",
          "fontSize": 18,
        }
      }
    >
      Login
    </Text>
  </View>
  <View
    style={
      {
        "alignItems": "center",
        "marginTop": 10,
      }
    }
  >
    <Text>
      or
    </Text>
  </View>
  <View
    style={
      {
        "marginTop": 10,
      }
    }
  />
</View>
`;
